Archive member included to satisfy reference by file (symbol)

c:/program files (x86)/atmel/studio/7.0/toolchain/avr8/avr8-gnu-toolchain/bin/../lib/gcc/avr/5.4.0/avr5\libgcc.a(_exit.o)
                              C:/Program Files (x86)/Atmel/Studio/7.0/Packs/atmel/ATmega_DFP/1.7.374/gcc/dev/atmega328p/avr5/crtatmega328p.o (exit)
c:/program files (x86)/atmel/studio/7.0/toolchain/avr8/avr8-gnu-toolchain/bin/../lib/gcc/avr/5.4.0/avr5\libgcc.a(_copy_data.o)
                              src/Timer.o (__do_copy_data)
c:/program files (x86)/atmel/studio/7.0/toolchain/avr8/avr8-gnu-toolchain/bin/../lib/gcc/avr/5.4.0/avr5\libgcc.a(_clear_bss.o)
                              src/ADC.o (__do_clear_bss)
c:/program files (x86)/atmel/studio/7.0/toolchain/avr8/avr8-gnu-toolchain/bin/../lib/gcc/avr/5.4.0/../../../../avr/lib/avr5\libc.a(itoa_ncheck.o)
                              src/main.o (__itoa_ncheck)
c:/program files (x86)/atmel/studio/7.0/toolchain/avr8/avr8-gnu-toolchain/bin/../lib/gcc/avr/5.4.0/../../../../avr/lib/avr5\libc.a(utoa_ncheck.o)
                              c:/program files (x86)/atmel/studio/7.0/toolchain/avr8/avr8-gnu-toolchain/bin/../lib/gcc/avr/5.4.0/../../../../avr/lib/avr5\libc.a(itoa_ncheck.o) (__utoa_common)
c:/program files (x86)/atmel/studio/7.0/toolchain/avr8/avr8-gnu-toolchain/bin/../lib/gcc/avr/5.4.0/../../../../avr/lib/avr5\libc.a(strrev.o)
                              c:/program files (x86)/atmel/studio/7.0/toolchain/avr8/avr8-gnu-toolchain/bin/../lib/gcc/avr/5.4.0/../../../../avr/lib/avr5\libc.a(utoa_ncheck.o) (strrev)

Allocating common symbols
Common symbol       size              file

USART_ReceiveBuffer
                    0x1               src/UART.o
display_rgb         0xc0              src/main.o
adc_value           0x2               src/ADC.o
USART_TransmitBuffer
                    0x1               src/UART.o
p2disp              0x2               src/main.o

Discarded input sections

 .data          0x00000000        0x0 C:/Program Files (x86)/Atmel/Studio/7.0/Packs/atmel/ATmega_DFP/1.7.374/gcc/dev/atmega328p/avr5/crtatmega328p.o
 .bss           0x00000000        0x0 C:/Program Files (x86)/Atmel/Studio/7.0/Packs/atmel/ATmega_DFP/1.7.374/gcc/dev/atmega328p/avr5/crtatmega328p.o
 .group         0x00000000        0x8 src/ADC.o
 .group         0x00000000        0x8 src/ADC.o
 .group         0x00000000        0x8 src/ADC.o
 .group         0x00000000        0x8 src/ADC.o
 .group         0x00000000        0x8 src/ADC.o
 .group         0x00000000        0x8 src/ADC.o
 .group         0x00000000        0x8 src/ADC.o
 .group         0x00000000        0x8 src/ADC.o
 .group         0x00000000        0x8 src/ADC.o
 .group         0x00000000        0x8 src/ADC.o
 .group         0x00000000        0x8 src/ADC.o
 .group         0x00000000        0x8 src/ADC.o
 .group         0x00000000        0x8 src/ADC.o
 .group         0x00000000        0x8 src/ADC.o
 .group         0x00000000        0x8 src/ADC.o
 .group         0x00000000        0x8 src/ADC.o
 .text          0x00000000        0x0 src/ADC.o
 .data          0x00000000        0x0 src/ADC.o
 .bss           0x00000000        0x0 src/ADC.o
 COMMON         0x00000000        0x2 src/ADC.o
 .group         0x00000000        0x8 src/cqueue.o
 .text          0x00000000        0x0 src/cqueue.o
 .data          0x00000000        0x0 src/cqueue.o
 .bss           0x00000000        0x0 src/cqueue.o
 .text.PullQueue
                0x00000000       0x36 src/cqueue.o
 .text.QueueStatus
                0x00000000        0x6 src/cqueue.o
 .data          0x00000000        0x0 src/DrvWs2812.o
 .bss           0x00000000        0x0 src/DrvWs2812.o
 .group         0x00000000        0x8 src/Timer.o
 .group         0x00000000        0x8 src/Timer.o
 .group         0x00000000        0x8 src/Timer.o
 .group         0x00000000        0x8 src/Timer.o
 .group         0x00000000        0x8 src/Timer.o
 .group         0x00000000        0x8 src/Timer.o
 .group         0x00000000        0x8 src/Timer.o
 .group         0x00000000        0x8 src/Timer.o
 .group         0x00000000        0x8 src/Timer.o
 .group         0x00000000        0x8 src/Timer.o
 .group         0x00000000        0x8 src/Timer.o
 .group         0x00000000        0x8 src/Timer.o
 .group         0x00000000        0x8 src/Timer.o
 .group         0x00000000        0x8 src/Timer.o
 .group         0x00000000        0x8 src/Timer.o
 .group         0x00000000        0x8 src/Timer.o
 .group         0x00000000        0x8 src/Timer.o
 .group         0x00000000        0x8 src/Timer.o
 .group         0x00000000        0x8 src/Timer.o
 .group         0x00000000        0x8 src/Timer.o
 .group         0x00000000        0x8 src/Timer.o
 .group         0x00000000        0x8 src/Timer.o
 .group         0x00000000        0x8 src/Timer.o
 .group         0x00000000        0x8 src/Timer.o
 .group         0x00000000        0x8 src/Timer.o
 .group         0x00000000        0x8 src/Timer.o
 .group         0x00000000        0x8 src/Timer.o
 .group         0x00000000        0x8 src/Timer.o
 .text          0x00000000        0x0 src/Timer.o
 .data          0x00000000        0x0 src/Timer.o
 .bss           0x00000000        0x0 src/Timer.o
 .text.Timer_TB
                0x00000000        0xe src/Timer.o
 .debug_macro   0x00000000       0x10 src/Timer.o
 .debug_macro   0x00000000      0x1c9 src/Timer.o
 .debug_macro   0x00000000      0x2fc src/Timer.o
 .debug_macro   0x00000000       0x9e src/Timer.o
 .debug_macro   0x00000000     0x1411 src/Timer.o
 .debug_macro   0x00000000      0x13a src/Timer.o
 .debug_macro   0x00000000       0xbd src/Timer.o
 .debug_macro   0x00000000       0x34 src/Timer.o
 .debug_macro   0x00000000       0x18 src/Timer.o
 .debug_macro   0x00000000       0x6c src/Timer.o
 .debug_macro   0x00000000       0x1c src/Timer.o
 .group         0x00000000        0x8 src/UART.o
 .group         0x00000000        0x8 src/UART.o
 .group         0x00000000        0x8 src/UART.o
 .group         0x00000000        0x8 src/UART.o
 .group         0x00000000        0x8 src/UART.o
 .group         0x00000000        0x8 src/UART.o
 .group         0x00000000        0x8 src/UART.o
 .group         0x00000000        0x8 src/UART.o
 .group         0x00000000        0x8 src/UART.o
 .group         0x00000000        0x8 src/UART.o
 .group         0x00000000        0x8 src/UART.o
 .group         0x00000000        0x8 src/UART.o
 .group         0x00000000        0x8 src/UART.o
 .group         0x00000000        0x8 src/UART.o
 .text          0x00000000        0x0 src/UART.o
 .data          0x00000000        0x0 src/UART.o
 .bss           0x00000000        0x0 src/UART.o
 .text.UART_rx_status
                0x00000000        0x6 src/UART.o
 .text.UART_get_data
                0x00000000        0x6 src/UART.o
 .text.UART_ReceivePolling
                0x00000000       0x10 src/UART.o
 .text.uart_test
                0x00000000       0x14 src/UART.o
 .text.UART_TransmitInterrupt
                0x00000000       0x10 src/UART.o
 .debug_macro   0x00000000       0x10 src/UART.o
 .debug_macro   0x00000000      0x1c9 src/UART.o
 .debug_macro   0x00000000      0x2fc src/UART.o
 .debug_macro   0x00000000       0x9e src/UART.o
 .debug_macro   0x00000000     0x1411 src/UART.o
 .debug_macro   0x00000000      0x13a src/UART.o
 .debug_macro   0x00000000       0xbd src/UART.o
 .debug_macro   0x00000000       0x34 src/UART.o
 .debug_macro   0x00000000       0x18 src/UART.o
 .debug_macro   0x00000000       0x6c src/UART.o
 .debug_macro   0x00000000       0x10 src/UART.o
 .debug_macro   0x00000000      0x166 src/UART.o
 .debug_macro   0x00000000       0x69 src/UART.o
 .debug_macro   0x00000000       0x10 src/UART.o
 .group         0x00000000        0x8 src/ASF/mega/boards/atmega328p_xplained_mini/init.o
 .group         0x00000000        0x8 src/ASF/mega/boards/atmega328p_xplained_mini/init.o
 .group         0x00000000        0x8 src/ASF/mega/boards/atmega328p_xplained_mini/init.o
 .group         0x00000000        0x8 src/ASF/mega/boards/atmega328p_xplained_mini/init.o
 .group         0x00000000        0x8 src/ASF/mega/boards/atmega328p_xplained_mini/init.o
 .group         0x00000000        0x8 src/ASF/mega/boards/atmega328p_xplained_mini/init.o
 .group         0x00000000        0x8 src/ASF/mega/boards/atmega328p_xplained_mini/init.o
 .group         0x00000000        0x8 src/ASF/mega/boards/atmega328p_xplained_mini/init.o
 .group         0x00000000        0x8 src/ASF/mega/boards/atmega328p_xplained_mini/init.o
 .group         0x00000000        0x8 src/ASF/mega/boards/atmega328p_xplained_mini/init.o
 .group         0x00000000        0x8 src/ASF/mega/boards/atmega328p_xplained_mini/init.o
 .group         0x00000000        0x8 src/ASF/mega/boards/atmega328p_xplained_mini/init.o
 .group         0x00000000        0x8 src/ASF/mega/boards/atmega328p_xplained_mini/init.o
 .group         0x00000000        0x8 src/ASF/mega/boards/atmega328p_xplained_mini/init.o
 .group         0x00000000        0x8 src/ASF/mega/boards/atmega328p_xplained_mini/init.o
 .group         0x00000000        0x8 src/ASF/mega/boards/atmega328p_xplained_mini/init.o
 .group         0x00000000        0x8 src/ASF/mega/boards/atmega328p_xplained_mini/init.o
 .group         0x00000000        0x8 src/ASF/mega/boards/atmega328p_xplained_mini/init.o
 .group         0x00000000        0x8 src/ASF/mega/boards/atmega328p_xplained_mini/init.o
 .group         0x00000000        0x8 src/ASF/mega/boards/atmega328p_xplained_mini/init.o
 .group         0x00000000        0x8 src/ASF/mega/boards/atmega328p_xplained_mini/init.o
 .group         0x00000000        0x8 src/ASF/mega/boards/atmega328p_xplained_mini/init.o
 .group         0x00000000        0x8 src/ASF/mega/boards/atmega328p_xplained_mini/init.o
 .group         0x00000000        0x8 src/ASF/mega/boards/atmega328p_xplained_mini/init.o
 .group         0x00000000        0x8 src/ASF/mega/boards/atmega328p_xplained_mini/init.o
 .group         0x00000000        0x8 src/ASF/mega/boards/atmega328p_xplained_mini/init.o
 .group         0x00000000        0x8 src/ASF/mega/boards/atmega328p_xplained_mini/init.o
 .group         0x00000000        0x8 src/ASF/mega/boards/atmega328p_xplained_mini/init.o
 .text          0x00000000        0x0 src/ASF/mega/boards/atmega328p_xplained_mini/init.o
 .data          0x00000000        0x0 src/ASF/mega/boards/atmega328p_xplained_mini/init.o
 .bss           0x00000000        0x0 src/ASF/mega/boards/atmega328p_xplained_mini/init.o
 .text.board_init
                0x00000000       0x12 src/ASF/mega/boards/atmega328p_xplained_mini/init.o
 .debug_info    0x00000000      0x282 src/ASF/mega/boards/atmega328p_xplained_mini/init.o
 .debug_abbrev  0x00000000      0x149 src/ASF/mega/boards/atmega328p_xplained_mini/init.o
 .debug_loc     0x00000000       0x50 src/ASF/mega/boards/atmega328p_xplained_mini/init.o
 .debug_aranges
                0x00000000       0x20 src/ASF/mega/boards/atmega328p_xplained_mini/init.o
 .debug_ranges  0x00000000       0x10 src/ASF/mega/boards/atmega328p_xplained_mini/init.o
 .debug_macro   0x00000000      0xcf7 src/ASF/mega/boards/atmega328p_xplained_mini/init.o
 .debug_macro   0x00000000       0x10 src/ASF/mega/boards/atmega328p_xplained_mini/init.o
 .debug_macro   0x00000000      0x1c9 src/ASF/mega/boards/atmega328p_xplained_mini/init.o
 .debug_macro   0x00000000      0x2fc src/ASF/mega/boards/atmega328p_xplained_mini/init.o
 .debug_macro   0x00000000       0x9e src/ASF/mega/boards/atmega328p_xplained_mini/init.o
 .debug_macro   0x00000000     0x1411 src/ASF/mega/boards/atmega328p_xplained_mini/init.o
 .debug_macro   0x00000000      0x13a src/ASF/mega/boards/atmega328p_xplained_mini/init.o
 .debug_macro   0x00000000       0xbd src/ASF/mega/boards/atmega328p_xplained_mini/init.o
 .debug_macro   0x00000000       0x34 src/ASF/mega/boards/atmega328p_xplained_mini/init.o
 .debug_macro   0x00000000       0x18 src/ASF/mega/boards/atmega328p_xplained_mini/init.o
 .debug_macro   0x00000000       0x6c src/ASF/mega/boards/atmega328p_xplained_mini/init.o
 .debug_macro   0x00000000       0x22 src/ASF/mega/boards/atmega328p_xplained_mini/init.o
 .debug_macro   0x00000000      0x16d src/ASF/mega/boards/atmega328p_xplained_mini/init.o
 .debug_macro   0x00000000       0x1c src/ASF/mega/boards/atmega328p_xplained_mini/init.o
 .debug_macro   0x00000000       0x35 src/ASF/mega/boards/atmega328p_xplained_mini/init.o
 .debug_macro   0x00000000       0x66 src/ASF/mega/boards/atmega328p_xplained_mini/init.o
 .debug_macro   0x00000000      0x71d src/ASF/mega/boards/atmega328p_xplained_mini/init.o
 .debug_macro   0x00000000       0x43 src/ASF/mega/boards/atmega328p_xplained_mini/init.o
 .debug_macro   0x00000000       0x69 src/ASF/mega/boards/atmega328p_xplained_mini/init.o
 .debug_macro   0x00000000       0x2b src/ASF/mega/boards/atmega328p_xplained_mini/init.o
 .debug_macro   0x00000000       0x10 src/ASF/mega/boards/atmega328p_xplained_mini/init.o
 .debug_macro   0x00000000       0xe2 src/ASF/mega/boards/atmega328p_xplained_mini/init.o
 .debug_macro   0x00000000       0x40 src/ASF/mega/boards/atmega328p_xplained_mini/init.o
 .debug_macro   0x00000000      0x100 src/ASF/mega/boards/atmega328p_xplained_mini/init.o
 .debug_macro   0x00000000      0x2d9 src/ASF/mega/boards/atmega328p_xplained_mini/init.o
 .debug_macro   0x00000000       0x56 src/ASF/mega/boards/atmega328p_xplained_mini/init.o
 .debug_macro   0x00000000       0x40 src/ASF/mega/boards/atmega328p_xplained_mini/init.o
 .debug_macro   0x00000000       0x16 src/ASF/mega/boards/atmega328p_xplained_mini/init.o
 .debug_macro   0x00000000       0x58 src/ASF/mega/boards/atmega328p_xplained_mini/init.o
 .debug_line    0x00000000      0x46c src/ASF/mega/boards/atmega328p_xplained_mini/init.o
 .debug_str     0x00000000    0x10a8f src/ASF/mega/boards/atmega328p_xplained_mini/init.o
 .comment       0x00000000       0x31 src/ASF/mega/boards/atmega328p_xplained_mini/init.o
 .debug_frame   0x00000000       0x24 src/ASF/mega/boards/atmega328p_xplained_mini/init.o
 .group         0x00000000        0x8 src/main.o
 .group         0x00000000        0x8 src/main.o
 .group         0x00000000        0x8 src/main.o
 .group         0x00000000        0x8 src/main.o
 .group         0x00000000        0x8 src/main.o
 .group         0x00000000        0x8 src/main.o
 .group         0x00000000        0x8 src/main.o
 .group         0x00000000        0x8 src/main.o
 .group         0x00000000        0x8 src/main.o
 .group         0x00000000        0x8 src/main.o
 .group         0x00000000        0x8 src/main.o
 .group         0x00000000        0x8 src/main.o
 .group         0x00000000        0x8 src/main.o
 .group         0x00000000        0x8 src/main.o
 .group         0x00000000        0x8 src/main.o
 .group         0x00000000        0x8 src/main.o
 .group         0x00000000        0x8 src/main.o
 .group         0x00000000        0x8 src/main.o
 .group         0x00000000        0x8 src/main.o
 .group         0x00000000        0x8 src/main.o
 .group         0x00000000        0x8 src/main.o
 .group         0x00000000        0x8 src/main.o
 .group         0x00000000        0x8 src/main.o
 .group         0x00000000        0x8 src/main.o
 .group         0x00000000        0x8 src/main.o
 .group         0x00000000        0x8 src/main.o
 .group         0x00000000        0x8 src/main.o
 .group         0x00000000        0x8 src/main.o
 .group         0x00000000        0x8 src/main.o
 .group         0x00000000        0x8 src/main.o
 .group         0x00000000        0x8 src/main.o
 .text          0x00000000        0x0 src/main.o
 .data          0x00000000        0x0 src/main.o
 .bss           0x00000000        0x0 src/main.o
 .text.softdelay
                0x00000000       0x60 src/main.o
 .debug_macro   0x00000000      0x71d src/main.o
 .debug_macro   0x00000000       0x10 src/main.o
 .debug_macro   0x00000000      0x1c9 src/main.o
 .debug_macro   0x00000000      0x2fc src/main.o
 .debug_macro   0x00000000       0x9e src/main.o
 .debug_macro   0x00000000     0x1411 src/main.o
 .debug_macro   0x00000000      0x13a src/main.o
 .debug_macro   0x00000000       0xbd src/main.o
 .debug_macro   0x00000000       0x34 src/main.o
 .debug_macro   0x00000000       0x18 src/main.o
 .debug_macro   0x00000000       0x6c src/main.o
 .debug_macro   0x00000000       0x22 src/main.o
 .debug_macro   0x00000000      0x16d src/main.o
 .debug_macro   0x00000000       0x1c src/main.o
 .debug_macro   0x00000000       0x35 src/main.o
 .debug_macro   0x00000000       0x66 src/main.o
 .debug_macro   0x00000000       0x43 src/main.o
 .debug_macro   0x00000000       0x69 src/main.o
 .debug_macro   0x00000000       0x2b src/main.o
 .debug_macro   0x00000000       0x10 src/main.o
 .debug_macro   0x00000000       0xe2 src/main.o
 .debug_macro   0x00000000       0x40 src/main.o
 .debug_macro   0x00000000      0x100 src/main.o
 .debug_macro   0x00000000       0x56 src/main.o
 .debug_macro   0x00000000       0x40 src/main.o
 .debug_macro   0x00000000      0x2df src/main.o
 .debug_macro   0x00000000       0x1c src/main.o
 .debug_macro   0x00000000       0x58 src/main.o
 .debug_macro   0x00000000       0x10 src/main.o
 .debug_macro   0x00000000       0x16 src/main.o
 .text          0x00000000        0x0 c:/program files (x86)/atmel/studio/7.0/toolchain/avr8/avr8-gnu-toolchain/bin/../lib/gcc/avr/5.4.0/avr5\libgcc.a(_exit.o)
 .data          0x00000000        0x0 c:/program files (x86)/atmel/studio/7.0/toolchain/avr8/avr8-gnu-toolchain/bin/../lib/gcc/avr/5.4.0/avr5\libgcc.a(_exit.o)
 .bss           0x00000000        0x0 c:/program files (x86)/atmel/studio/7.0/toolchain/avr8/avr8-gnu-toolchain/bin/../lib/gcc/avr/5.4.0/avr5\libgcc.a(_exit.o)
 .text.libgcc.mul
                0x00000000        0x0 c:/program files (x86)/atmel/studio/7.0/toolchain/avr8/avr8-gnu-toolchain/bin/../lib/gcc/avr/5.4.0/avr5\libgcc.a(_exit.o)
 .text.libgcc.div
                0x00000000        0x0 c:/program files (x86)/atmel/studio/7.0/toolchain/avr8/avr8-gnu-toolchain/bin/../lib/gcc/avr/5.4.0/avr5\libgcc.a(_exit.o)
 .text.libgcc   0x00000000        0x0 c:/program files (x86)/atmel/studio/7.0/toolchain/avr8/avr8-gnu-toolchain/bin/../lib/gcc/avr/5.4.0/avr5\libgcc.a(_exit.o)
 .text.libgcc.prologue
                0x00000000        0x0 c:/program files (x86)/atmel/studio/7.0/toolchain/avr8/avr8-gnu-toolchain/bin/../lib/gcc/avr/5.4.0/avr5\libgcc.a(_exit.o)
 .text.libgcc.builtins
                0x00000000        0x0 c:/program files (x86)/atmel/studio/7.0/toolchain/avr8/avr8-gnu-toolchain/bin/../lib/gcc/avr/5.4.0/avr5\libgcc.a(_exit.o)
 .text.libgcc.fmul
                0x00000000        0x0 c:/program files (x86)/atmel/studio/7.0/toolchain/avr8/avr8-gnu-toolchain/bin/../lib/gcc/avr/5.4.0/avr5\libgcc.a(_exit.o)
 .text.libgcc.fixed
                0x00000000        0x0 c:/program files (x86)/atmel/studio/7.0/toolchain/avr8/avr8-gnu-toolchain/bin/../lib/gcc/avr/5.4.0/avr5\libgcc.a(_exit.o)
 .text          0x00000000        0x0 c:/program files (x86)/atmel/studio/7.0/toolchain/avr8/avr8-gnu-toolchain/bin/../lib/gcc/avr/5.4.0/avr5\libgcc.a(_copy_data.o)
 .data          0x00000000        0x0 c:/program files (x86)/atmel/studio/7.0/toolchain/avr8/avr8-gnu-toolchain/bin/../lib/gcc/avr/5.4.0/avr5\libgcc.a(_copy_data.o)
 .bss           0x00000000        0x0 c:/program files (x86)/atmel/studio/7.0/toolchain/avr8/avr8-gnu-toolchain/bin/../lib/gcc/avr/5.4.0/avr5\libgcc.a(_copy_data.o)
 .text.libgcc.mul
                0x00000000        0x0 c:/program files (x86)/atmel/studio/7.0/toolchain/avr8/avr8-gnu-toolchain/bin/../lib/gcc/avr/5.4.0/avr5\libgcc.a(_copy_data.o)
 .text.libgcc.div
                0x00000000        0x0 c:/program files (x86)/atmel/studio/7.0/toolchain/avr8/avr8-gnu-toolchain/bin/../lib/gcc/avr/5.4.0/avr5\libgcc.a(_copy_data.o)
 .text.libgcc   0x00000000        0x0 c:/program files (x86)/atmel/studio/7.0/toolchain/avr8/avr8-gnu-toolchain/bin/../lib/gcc/avr/5.4.0/avr5\libgcc.a(_copy_data.o)
 .text.libgcc.prologue
                0x00000000        0x0 c:/program files (x86)/atmel/studio/7.0/toolchain/avr8/avr8-gnu-toolchain/bin/../lib/gcc/avr/5.4.0/avr5\libgcc.a(_copy_data.o)
 .text.libgcc.builtins
                0x00000000        0x0 c:/program files (x86)/atmel/studio/7.0/toolchain/avr8/avr8-gnu-toolchain/bin/../lib/gcc/avr/5.4.0/avr5\libgcc.a(_copy_data.o)
 .text.libgcc.fmul
                0x00000000        0x0 c:/program files (x86)/atmel/studio/7.0/toolchain/avr8/avr8-gnu-toolchain/bin/../lib/gcc/avr/5.4.0/avr5\libgcc.a(_copy_data.o)
 .text.libgcc.fixed
                0x00000000        0x0 c:/program files (x86)/atmel/studio/7.0/toolchain/avr8/avr8-gnu-toolchain/bin/../lib/gcc/avr/5.4.0/avr5\libgcc.a(_copy_data.o)
 .text          0x00000000        0x0 c:/program files (x86)/atmel/studio/7.0/toolchain/avr8/avr8-gnu-toolchain/bin/../lib/gcc/avr/5.4.0/avr5\libgcc.a(_clear_bss.o)
 .data          0x00000000        0x0 c:/program files (x86)/atmel/studio/7.0/toolchain/avr8/avr8-gnu-toolchain/bin/../lib/gcc/avr/5.4.0/avr5\libgcc.a(_clear_bss.o)
 .bss           0x00000000        0x0 c:/program files (x86)/atmel/studio/7.0/toolchain/avr8/avr8-gnu-toolchain/bin/../lib/gcc/avr/5.4.0/avr5\libgcc.a(_clear_bss.o)
 .text.libgcc.mul
                0x00000000        0x0 c:/program files (x86)/atmel/studio/7.0/toolchain/avr8/avr8-gnu-toolchain/bin/../lib/gcc/avr/5.4.0/avr5\libgcc.a(_clear_bss.o)
 .text.libgcc.div
                0x00000000        0x0 c:/program files (x86)/atmel/studio/7.0/toolchain/avr8/avr8-gnu-toolchain/bin/../lib/gcc/avr/5.4.0/avr5\libgcc.a(_clear_bss.o)
 .text.libgcc   0x00000000        0x0 c:/program files (x86)/atmel/studio/7.0/toolchain/avr8/avr8-gnu-toolchain/bin/../lib/gcc/avr/5.4.0/avr5\libgcc.a(_clear_bss.o)
 .text.libgcc.prologue
                0x00000000        0x0 c:/program files (x86)/atmel/studio/7.0/toolchain/avr8/avr8-gnu-toolchain/bin/../lib/gcc/avr/5.4.0/avr5\libgcc.a(_clear_bss.o)
 .text.libgcc.builtins
                0x00000000        0x0 c:/program files (x86)/atmel/studio/7.0/toolchain/avr8/avr8-gnu-toolchain/bin/../lib/gcc/avr/5.4.0/avr5\libgcc.a(_clear_bss.o)
 .text.libgcc.fmul
                0x00000000        0x0 c:/program files (x86)/atmel/studio/7.0/toolchain/avr8/avr8-gnu-toolchain/bin/../lib/gcc/avr/5.4.0/avr5\libgcc.a(_clear_bss.o)
 .text.libgcc.fixed
                0x00000000        0x0 c:/program files (x86)/atmel/studio/7.0/toolchain/avr8/avr8-gnu-toolchain/bin/../lib/gcc/avr/5.4.0/avr5\libgcc.a(_clear_bss.o)
 .text          0x00000000        0x0 c:/program files (x86)/atmel/studio/7.0/toolchain/avr8/avr8-gnu-toolchain/bin/../lib/gcc/avr/5.4.0/../../../../avr/lib/avr5\libc.a(itoa_ncheck.o)
 .data          0x00000000        0x0 c:/program files (x86)/atmel/studio/7.0/toolchain/avr8/avr8-gnu-toolchain/bin/../lib/gcc/avr/5.4.0/../../../../avr/lib/avr5\libc.a(itoa_ncheck.o)
 .bss           0x00000000        0x0 c:/program files (x86)/atmel/studio/7.0/toolchain/avr8/avr8-gnu-toolchain/bin/../lib/gcc/avr/5.4.0/../../../../avr/lib/avr5\libc.a(itoa_ncheck.o)
 .text          0x00000000        0x0 c:/program files (x86)/atmel/studio/7.0/toolchain/avr8/avr8-gnu-toolchain/bin/../lib/gcc/avr/5.4.0/../../../../avr/lib/avr5\libc.a(utoa_ncheck.o)
 .data          0x00000000        0x0 c:/program files (x86)/atmel/studio/7.0/toolchain/avr8/avr8-gnu-toolchain/bin/../lib/gcc/avr/5.4.0/../../../../avr/lib/avr5\libc.a(utoa_ncheck.o)
 .bss           0x00000000        0x0 c:/program files (x86)/atmel/studio/7.0/toolchain/avr8/avr8-gnu-toolchain/bin/../lib/gcc/avr/5.4.0/../../../../avr/lib/avr5\libc.a(utoa_ncheck.o)
 .text          0x00000000        0x0 c:/program files (x86)/atmel/studio/7.0/toolchain/avr8/avr8-gnu-toolchain/bin/../lib/gcc/avr/5.4.0/../../../../avr/lib/avr5\libc.a(strrev.o)
 .data          0x00000000        0x0 c:/program files (x86)/atmel/studio/7.0/toolchain/avr8/avr8-gnu-toolchain/bin/../lib/gcc/avr/5.4.0/../../../../avr/lib/avr5\libc.a(strrev.o)
 .bss           0x00000000        0x0 c:/program files (x86)/atmel/studio/7.0/toolchain/avr8/avr8-gnu-toolchain/bin/../lib/gcc/avr/5.4.0/../../../../avr/lib/avr5\libc.a(strrev.o)

Memory Configuration

Name             Origin             Length             Attributes
text             0x00000000         0x00008000         xr
data             0x00800100         0x00000800         rw !x
eeprom           0x00810000         0x00000400         rw !x
fuse             0x00820000         0x00000003         rw !x
lock             0x00830000         0x00000400         rw !x
signature        0x00840000         0x00000400         rw !x
user_signatures  0x00850000         0x00000400         rw !x
*default*        0x00000000         0xffffffff

Linker script and memory map

Address of section .data set to 0x800100
LOAD C:/Program Files (x86)/Atmel/Studio/7.0/Packs/atmel/ATmega_DFP/1.7.374/gcc/dev/atmega328p/avr5/crtatmega328p.o
LOAD src/ADC.o
LOAD src/cqueue.o
LOAD src/DrvWs2812.o
LOAD src/Timer.o
LOAD src/UART.o
LOAD src/ASF/mega/boards/atmega328p_xplained_mini/init.o
LOAD src/main.o
START GROUP
LOAD c:/program files (x86)/atmel/studio/7.0/toolchain/avr8/avr8-gnu-toolchain/bin/../lib/gcc/avr/5.4.0/../../../../avr/lib/avr5\libm.a
END GROUP
START GROUP
LOAD c:/program files (x86)/atmel/studio/7.0/toolchain/avr8/avr8-gnu-toolchain/bin/../lib/gcc/avr/5.4.0/avr5\libgcc.a
LOAD c:/program files (x86)/atmel/studio/7.0/toolchain/avr8/avr8-gnu-toolchain/bin/../lib/gcc/avr/5.4.0/../../../../avr/lib/avr5\libm.a
LOAD c:/program files (x86)/atmel/studio/7.0/toolchain/avr8/avr8-gnu-toolchain/bin/../lib/gcc/avr/5.4.0/../../../../avr/lib/avr5\libc.a
LOAD C:/Program Files (x86)/Atmel/Studio/7.0/Packs/atmel/ATmega_DFP/1.7.374/gcc/dev/atmega328p/avr5\libatmega328p.a
END GROUP
                0x00000000                __TEXT_REGION_ORIGIN__ = DEFINED (__TEXT_REGION_ORIGIN__)?__TEXT_REGION_ORIGIN__:0x0
                [0x00800100]                __DATA_REGION_ORIGIN__ = DEFINED (__DATA_REGION_ORIGIN__)?__DATA_REGION_ORIGIN__:0x800060
                [0x00008000]                __TEXT_REGION_LENGTH__ = DEFINED (__TEXT_REGION_LENGTH__)?__TEXT_REGION_LENGTH__:0x20000
                [0x00000800]                __DATA_REGION_LENGTH__ = DEFINED (__DATA_REGION_LENGTH__)?__DATA_REGION_LENGTH__:0xffa0
                [0x00000400]                __EEPROM_REGION_LENGTH__ = DEFINED (__EEPROM_REGION_LENGTH__)?__EEPROM_REGION_LENGTH__:0x10000
                [0x00000003]                __FUSE_REGION_LENGTH__ = DEFINED (__FUSE_REGION_LENGTH__)?__FUSE_REGION_LENGTH__:0x400
                0x00000400                __LOCK_REGION_LENGTH__ = DEFINED (__LOCK_REGION_LENGTH__)?__LOCK_REGION_LENGTH__:0x400
                0x00000400                __SIGNATURE_REGION_LENGTH__ = DEFINED (__SIGNATURE_REGION_LENGTH__)?__SIGNATURE_REGION_LENGTH__:0x400
                0x00000400                __USER_SIGNATURE_REGION_LENGTH__ = DEFINED (__USER_SIGNATURE_REGION_LENGTH__)?__USER_SIGNATURE_REGION_LENGTH__:0x400

.hash
 *(.hash)

.dynsym
 *(.dynsym)

.dynstr
 *(.dynstr)

.gnu.version
 *(.gnu.version)

.gnu.version_d
 *(.gnu.version_d)

.gnu.version_r
 *(.gnu.version_r)

.rel.init
 *(.rel.init)

.rela.init
 *(.rela.init)

.rel.text
 *(.rel.text)
 *(.rel.text.*)
 *(.rel.gnu.linkonce.t*)

.rela.text
 *(.rela.text)
 *(.rela.text.*)
 *(.rela.gnu.linkonce.t*)

.rel.fini
 *(.rel.fini)

.rela.fini
 *(.rela.fini)

.rel.rodata
 *(.rel.rodata)
 *(.rel.rodata.*)
 *(.rel.gnu.linkonce.r*)

.rela.rodata
 *(.rela.rodata)
 *(.rela.rodata.*)
 *(.rela.gnu.linkonce.r*)

.rel.data
 *(.rel.data)
 *(.rel.data.*)
 *(.rel.gnu.linkonce.d*)

.rela.data
 *(.rela.data)
 *(.rela.data.*)
 *(.rela.gnu.linkonce.d*)

.rel.ctors
 *(.rel.ctors)

.rela.ctors
 *(.rela.ctors)

.rel.dtors
 *(.rel.dtors)

.rela.dtors
 *(.rela.dtors)

.rel.got
 *(.rel.got)

.rela.got
 *(.rela.got)

.rel.bss
 *(.rel.bss)

.rela.bss
 *(.rela.bss)

.rel.plt
 *(.rel.plt)

.rela.plt
 *(.rela.plt)

.text           0x00000000      0x5ac
 *(.vectors)
 .vectors       0x00000000       0x68 C:/Program Files (x86)/Atmel/Studio/7.0/Packs/atmel/ATmega_DFP/1.7.374/gcc/dev/atmega328p/avr5/crtatmega328p.o
                0x00000000                __vector_default
                0x00000000                __vectors
 *(.vectors)
 *(.progmem.gcc*)
                0x00000068                . = ALIGN (0x2)
                0x00000068                __trampolines_start = .
 *(.trampolines)
 .trampolines   0x00000068        0x0 linker stubs
 *(.trampolines*)
                0x00000068                __trampolines_end = .
 *libprintf_flt.a:*(.progmem.data)
 *libc.a:*(.progmem.data)
 *(.progmem*)
                0x00000068                . = ALIGN (0x2)
 *(.jumptables)
 *(.jumptables*)
 *(.lowtext)
 *(.lowtext*)
                0x00000068                __ctors_start = .
 *(.ctors)
                0x00000068                __ctors_end = .
                0x00000068                __dtors_start = .
 *(.dtors)
                0x00000068                __dtors_end = .
 SORT(*)(.ctors)
 SORT(*)(.dtors)
 *(.init0)
 .init0         0x00000068        0x0 C:/Program Files (x86)/Atmel/Studio/7.0/Packs/atmel/ATmega_DFP/1.7.374/gcc/dev/atmega328p/avr5/crtatmega328p.o
                0x00000068                __init
 *(.init0)
 *(.init1)
 *(.init1)
 *(.init2)
 .init2         0x00000068        0xc C:/Program Files (x86)/Atmel/Studio/7.0/Packs/atmel/ATmega_DFP/1.7.374/gcc/dev/atmega328p/avr5/crtatmega328p.o
 *(.init2)
 *(.init3)
 *(.init3)
 *(.init4)
 .init4         0x00000074       0x16 c:/program files (x86)/atmel/studio/7.0/toolchain/avr8/avr8-gnu-toolchain/bin/../lib/gcc/avr/5.4.0/avr5\libgcc.a(_copy_data.o)
                0x00000074                __do_copy_data
 .init4         0x0000008a       0x10 c:/program files (x86)/atmel/studio/7.0/toolchain/avr8/avr8-gnu-toolchain/bin/../lib/gcc/avr/5.4.0/avr5\libgcc.a(_clear_bss.o)
                0x0000008a                __do_clear_bss
 *(.init4)
 *(.init5)
 *(.init5)
 *(.init6)
 *(.init6)
 *(.init7)
 *(.init7)
 *(.init8)
 *(.init8)
 *(.init9)
 .init9         0x0000009a        0x4 C:/Program Files (x86)/Atmel/Studio/7.0/Packs/atmel/ATmega_DFP/1.7.374/gcc/dev/atmega328p/avr5/crtatmega328p.o
 *(.init9)
 *(.text)
 .text          0x0000009e        0x2 C:/Program Files (x86)/Atmel/Studio/7.0/Packs/atmel/ATmega_DFP/1.7.374/gcc/dev/atmega328p/avr5/crtatmega328p.o
                0x0000009e                __vector_22
                0x0000009e                __vector_1
                0x0000009e                __vector_24
                0x0000009e                __vector_12
                0x0000009e                __bad_interrupt
                0x0000009e                __vector_6
                0x0000009e                __vector_3
                0x0000009e                __vector_23
                0x0000009e                __vector_25
                0x0000009e                __vector_11
                0x0000009e                __vector_13
                0x0000009e                __vector_17
                0x0000009e                __vector_7
                0x0000009e                __vector_5
                0x0000009e                __vector_4
                0x0000009e                __vector_9
                0x0000009e                __vector_2
                0x0000009e                __vector_21
                0x0000009e                __vector_15
                0x0000009e                __vector_8
                0x0000009e                __vector_10
                0x0000009e                __vector_16
                0x0000009e                __vector_20
 .text          0x000000a0       0xb7 src/DrvWs2812.o
                0x000000a0                init_ws2812
                0x000000b4                wrt_ws2812
                0x00000158                . = ALIGN (0x2)
 *fill*         0x00000157        0x1 
 *(.text.*)
 .text.adc_init
                0x00000158       0x22 src/ADC.o
                0x00000158                adc_init
 .text.read_adc
                0x0000017a       0x2a src/ADC.o
                0x0000017a                read_adc
 .text.read_VRY
                0x000001a4        0x6 src/ADC.o
                0x000001a4                read_VRY
 .text.read_VRX
                0x000001aa        0x6 src/ADC.o
                0x000001aa                read_VRX
 .text.QueueInit
                0x000001b0       0x1a src/cqueue.o
                0x000001b0                QueueInit
 .text.PushQueue
                0x000001ca       0x44 src/cqueue.o
                0x000001ca                PushQueue
 .text.init_RTI
                0x0000020e       0x16 src/Timer.o
                0x0000020e                init_RTI
 .text.__vector_14
                0x00000224       0x50 src/Timer.o
                0x00000224                __vector_14
 .text.UART_Init
                0x00000274       0x2e src/UART.o
                0x00000274                UART_Init
 .text.UART_TransmitPolling
                0x000002a2       0x10 src/UART.o
                0x000002a2                UART_TransmitPolling
 .text.UART_send_data
                0x000002b2        0x4 src/UART.o
                0x000002b2                UART_send_data
 .text.UART_putstring
                0x000002b6       0x1c src/UART.o
                0x000002b6                UART_putstring
 .text.__vector_19
                0x000002d2       0x32 src/UART.o
                0x000002d2                __vector_19
 .text.__vector_18
                0x00000304       0x4a src/UART.o
                0x00000304                __vector_18
 .text.clear_disp
                0x0000034e       0x34 src/main.o
                0x0000034e                clear_disp
 .text.ADCTestBench
                0x00000382       0x56 src/main.o
                0x00000382                ADCTestBench
 .text.main     0x000003d8      0x16a src/main.o
                0x000003d8                main
 .text.avr-libc
                0x00000542       0x14 c:/program files (x86)/atmel/studio/7.0/toolchain/avr8/avr8-gnu-toolchain/bin/../lib/gcc/avr/5.4.0/../../../../avr/lib/avr5\libc.a(itoa_ncheck.o)
                0x00000542                __itoa_ncheck
 .text.avr-libc
                0x00000556       0x32 c:/program files (x86)/atmel/studio/7.0/toolchain/avr8/avr8-gnu-toolchain/bin/../lib/gcc/avr/5.4.0/../../../../avr/lib/avr5\libc.a(utoa_ncheck.o)
                0x00000556                __utoa_ncheck
                0x00000558                __utoa_common
 .text.avr-libc
                0x00000588       0x20 c:/program files (x86)/atmel/studio/7.0/toolchain/avr8/avr8-gnu-toolchain/bin/../lib/gcc/avr/5.4.0/../../../../avr/lib/avr5\libc.a(strrev.o)
                0x00000588                strrev
                0x000005a8                . = ALIGN (0x2)
 *(.fini9)
 .fini9         0x000005a8        0x0 c:/program files (x86)/atmel/studio/7.0/toolchain/avr8/avr8-gnu-toolchain/bin/../lib/gcc/avr/5.4.0/avr5\libgcc.a(_exit.o)
                0x000005a8                _exit
                0x000005a8                exit
 *(.fini9)
 *(.fini8)
 *(.fini8)
 *(.fini7)
 *(.fini7)
 *(.fini6)
 *(.fini6)
 *(.fini5)
 *(.fini5)
 *(.fini4)
 *(.fini4)
 *(.fini3)
 *(.fini3)
 *(.fini2)
 *(.fini2)
 *(.fini1)
 *(.fini1)
 *(.fini0)
 .fini0         0x000005a8        0x4 c:/program files (x86)/atmel/studio/7.0/toolchain/avr8/avr8-gnu-toolchain/bin/../lib/gcc/avr/5.4.0/avr5\libgcc.a(_exit.o)
 *(.fini0)
                0x000005ac                _etext = .

.data           0x00800100       0x28 load address 0x000005ac
                0x00800100                PROVIDE (__data_start, .)
 *(.data)
 *(.data*)
 .data.count.2218
                0x00800100        0x2 src/Timer.o
 .data.msg      0x00800102       0x1a src/main.o
                0x00800102                msg
 .data.Amarillo
                0x0080011c        0x3 src/main.o
                0x0080011c                Amarillo
 .data.Azul     0x0080011f        0x3 src/main.o
                0x0080011f                Azul
 .data.Rojo     0x00800122        0x3 src/main.o
                0x00800122                Rojo
 .data.Verde    0x00800125        0x3 src/main.o
                0x00800125                Verde
 *(.gnu.linkonce.d*)
 *(.rodata)
 *(.rodata*)
 *(.gnu.linkonce.r*)
                0x00800128                . = ALIGN (0x2)
                0x00800128                _edata = .
                0x00800128                PROVIDE (__data_end, .)

.bss            0x00800128       0xe0
                0x00800128                PROVIDE (__bss_start, .)
 *(.bss)
 *(.bss*)
 .bss.pout      0x00800128        0x2 src/cqueue.o
 .bss.pin       0x0080012a        0x2 src/cqueue.o
 .bss.news      0x0080012c        0x1 src/cqueue.o
 .bss.buffer    0x0080012d       0x14 src/cqueue.o
 .bss.Apagado   0x00800141        0x3 src/main.o
                0x00800141                Apagado
 *(COMMON)
 COMMON         0x00800144        0x2 src/UART.o
                0x00800144                USART_ReceiveBuffer
                0x00800145                USART_TransmitBuffer
 COMMON         0x00800146       0xc2 src/main.o
                0x00800146                display_rgb
                0x00800206                p2disp
                0x00800208                PROVIDE (__bss_end, .)
                0x000005ac                __data_load_start = LOADADDR (.data)
                0x000005d4                __data_load_end = (__data_load_start + SIZEOF (.data))

.noinit         0x00800208        0x0
                [!provide]                PROVIDE (__noinit_start, .)
 *(.noinit*)
                [!provide]                PROVIDE (__noinit_end, .)
                0x00800208                _end = .
                [!provide]                PROVIDE (__heap_start, .)

.eeprom         0x00810000        0x0
 *(.eeprom*)
                0x00810000                __eeprom_end = .

.fuse
 *(.fuse)
 *(.lfuse)
 *(.hfuse)
 *(.efuse)

.lock
 *(.lock*)

.signature
 *(.signature*)

.user_signatures
 *(.user_signatures*)

.stab
 *(.stab)

.stabstr
 *(.stabstr)

.stab.excl
 *(.stab.excl)

.stab.exclstr
 *(.stab.exclstr)

.stab.index
 *(.stab.index)

.stab.indexstr
 *(.stab.indexstr)

.comment        0x00000000       0x30
 *(.comment)
 .comment       0x00000000       0x30 src/ADC.o
                                 0x31 (size before relaxing)
 .comment       0x00000030       0x31 src/cqueue.o
 .comment       0x00000030       0x31 src/Timer.o
 .comment       0x00000030       0x31 src/UART.o
 .comment       0x00000030       0x31 src/main.o

.note.gnu.avr.deviceinfo
                0x00000000       0x40
 .note.gnu.avr.deviceinfo
                0x00000000       0x40 C:/Program Files (x86)/Atmel/Studio/7.0/Packs/atmel/ATmega_DFP/1.7.374/gcc/dev/atmega328p/avr5/crtatmega328p.o

.note.gnu.build-id
 *(.note.gnu.build-id)

.debug
 *(.debug)

.line
 *(.line)

.debug_srcinfo
 *(.debug_srcinfo)

.debug_sfnames
 *(.debug_sfnames)

.debug_aranges  0x00000000      0x168
 *(.debug_aranges)
 .debug_aranges
                0x00000000       0x38 src/ADC.o
 .debug_aranges
                0x00000038       0x38 src/cqueue.o
 .debug_aranges
                0x00000070       0x20 src/DrvWs2812.o
 .debug_aranges
                0x00000090       0x30 src/Timer.o
 .debug_aranges
                0x000000c0       0x70 src/UART.o
 .debug_aranges
                0x00000130       0x38 src/main.o

.debug_pubnames
 *(.debug_pubnames)

.debug_info     0x00000000     0x13a3
 *(.debug_info .gnu.linkonce.wi.*)
 .debug_info    0x00000000      0x5f4 C:/Program Files (x86)/Atmel/Studio/7.0/Packs/atmel/ATmega_DFP/1.7.374/gcc/dev/atmega328p/avr5/crtatmega328p.o
 .debug_info    0x000005f4      0x12e src/ADC.o
 .debug_info    0x00000722      0x120 src/cqueue.o
 .debug_info    0x00000842       0x8d src/DrvWs2812.o
 .debug_info    0x000008cf       0xe1 src/Timer.o
 .debug_info    0x000009b0      0x3b5 src/UART.o
 .debug_info    0x00000d65      0x63e src/main.o

.debug_abbrev   0x00000000      0xc46
 *(.debug_abbrev)
 .debug_abbrev  0x00000000      0x5a2 C:/Program Files (x86)/Atmel/Studio/7.0/Packs/atmel/ATmega_DFP/1.7.374/gcc/dev/atmega328p/avr5/crtatmega328p.o
 .debug_abbrev  0x000005a2       0xa7 src/ADC.o
 .debug_abbrev  0x00000649       0xba src/cqueue.o
 .debug_abbrev  0x00000703       0x14 src/DrvWs2812.o
 .debug_abbrev  0x00000717       0xae src/Timer.o
 .debug_abbrev  0x000007c5      0x1f4 src/UART.o
 .debug_abbrev  0x000009b9      0x28d src/main.o

.debug_line     0x00000000     0x177a
 *(.debug_line .debug_line.* .debug_line_end)
 .debug_line    0x00000000      0x134 C:/Program Files (x86)/Atmel/Studio/7.0/Packs/atmel/ATmega_DFP/1.7.374/gcc/dev/atmega328p/avr5/crtatmega328p.o
 .debug_line    0x00000134      0x363 src/ADC.o
 .debug_line    0x00000497       0xe0 src/cqueue.o
 .debug_line    0x00000577      0x1eb src/DrvWs2812.o
 .debug_line    0x00000762      0x4e2 src/Timer.o
 .debug_line    0x00000c44      0x465 src/UART.o
 .debug_line    0x000010a9      0x6d1 src/main.o

.debug_frame    0x00000000      0x2c4
 *(.debug_frame)
 .debug_frame   0x00000000       0x54 src/ADC.o
 .debug_frame   0x00000054       0x54 src/cqueue.o
 .debug_frame   0x000000a8       0x5c src/Timer.o
 .debug_frame   0x00000104      0x144 src/UART.o
 .debug_frame   0x00000248       0x7c src/main.o

.debug_str      0x00000000    0x11322
 *(.debug_str)
 .debug_str     0x00000000      0x208 C:/Program Files (x86)/Atmel/Studio/7.0/Packs/atmel/ATmega_DFP/1.7.374/gcc/dev/atmega328p/avr5/crtatmega328p.o
 .debug_str     0x00000208     0x6ea5 src/ADC.o
                               0x6f9b (size before relaxing)
 .debug_str     0x000070ad       0x76 src/cqueue.o
                               0x2bc3 (size before relaxing)
 .debug_str     0x00007123     0x9e59 src/Timer.o
                              0x10a39 (size before relaxing)
 .debug_str     0x00010f7c      0x2eb src/UART.o
                               0x7220 (size before relaxing)
 .debug_str     0x00011267       0xbb src/main.o
                              0x10e85 (size before relaxing)

.debug_loc      0x00000000      0x51e
 *(.debug_loc)
 .debug_loc     0x00000000       0x21 src/ADC.o
 .debug_loc     0x00000021       0x38 src/cqueue.o
 .debug_loc     0x00000059       0x49 src/Timer.o
 .debug_loc     0x000000a2      0x26c src/UART.o
 .debug_loc     0x0000030e      0x210 src/main.o

.debug_macinfo
 *(.debug_macinfo)

.debug_weaknames
 *(.debug_weaknames)

.debug_funcnames
 *(.debug_funcnames)

.debug_typenames
 *(.debug_typenames)

.debug_varnames
 *(.debug_varnames)

.debug_pubtypes
 *(.debug_pubtypes)

.debug_ranges   0x00000000       0xf8
 *(.debug_ranges)
 .debug_ranges  0x00000000       0x28 src/ADC.o
 .debug_ranges  0x00000028       0x28 src/cqueue.o
 .debug_ranges  0x00000050       0x20 src/Timer.o
 .debug_ranges  0x00000070       0x60 src/UART.o
 .debug_ranges  0x000000d0       0x28 src/main.o

.debug_macro    0x00000000     0x6fdb
 *(.debug_macro)
 .debug_macro   0x00000000      0xc4b src/ADC.o
 .debug_macro   0x00000c4b       0x10 src/ADC.o
 .debug_macro   0x00000c5b      0x1c9 src/ADC.o
 .debug_macro   0x00000e24      0x2fc src/ADC.o
 .debug_macro   0x00001120       0x9e src/ADC.o
 .debug_macro   0x000011be     0x1411 src/ADC.o
 .debug_macro   0x000025cf      0x13a src/ADC.o
 .debug_macro   0x00002709       0xbd src/ADC.o
 .debug_macro   0x000027c6       0x34 src/ADC.o
 .debug_macro   0x000027fa       0x18 src/ADC.o
 .debug_macro   0x00002812       0x6c src/ADC.o
 .debug_macro   0x0000287e       0x16 src/ADC.o
 .debug_macro   0x00002894       0x10 src/ADC.o
 .debug_macro   0x000028a4      0x166 src/ADC.o
 .debug_macro   0x00002a0a       0x1c src/ADC.o
 .debug_macro   0x00002a26      0x10e src/ADC.o
 .debug_macro   0x00002b34       0x60 src/ADC.o
 .debug_macro   0x00002b94      0xb98 src/cqueue.o
 .debug_macro   0x0000372c       0x10 src/cqueue.o
 .debug_macro   0x0000373c      0xd29 src/Timer.o
 .debug_macro   0x00004465      0x71d src/Timer.o
 .debug_macro   0x00004b82       0x22 src/Timer.o
 .debug_macro   0x00004ba4      0x16d src/Timer.o
 .debug_macro   0x00004d11       0x35 src/Timer.o
 .debug_macro   0x00004d46       0x66 src/Timer.o
 .debug_macro   0x00004dac       0x43 src/Timer.o
 .debug_macro   0x00004def       0x69 src/Timer.o
 .debug_macro   0x00004e58       0x2b src/Timer.o
 .debug_macro   0x00004e83       0x10 src/Timer.o
 .debug_macro   0x00004e93       0xe2 src/Timer.o
 .debug_macro   0x00004f75       0x40 src/Timer.o
 .debug_macro   0x00004fb5      0x100 src/Timer.o
 .debug_macro   0x000050b5       0x56 src/Timer.o
 .debug_macro   0x0000510b       0x40 src/Timer.o
 .debug_macro   0x0000514b      0x2df src/Timer.o
 .debug_macro   0x0000542a       0x1c src/Timer.o
 .debug_macro   0x00005446       0x58 src/Timer.o
 .debug_macro   0x0000549e      0xca3 src/UART.o
 .debug_macro   0x00006141      0xd3a src/main.o
 .debug_macro   0x00006e7b      0x160 src/main.o
OUTPUT(GccMatrixWS2812 V3.elf elf32-avr)
LOAD linker stubs
